2026-09-02 21:40:08,906 [INFO] secop_master_api: =================================================================
2026-09-02 21:40:08,906 [INFO] secop_master_api: >>> INICIANDO DESCARGA Y PROCESAMIENTO 100% VÍA APIs OFICIALES <<<
2026-09-02 21:40:08,906 [INFO] secop_master_api: =================================================================
2026-09-02 21:40:08,906 [INFO] secop_master_api: 
--- [1/3] DESCARGANDO SECOP I (API f789-7hwg) ---
2026-09-02 21:40:08,908 [INFO] secop_i.downloader: Iniciando descarga SECOP I. Offset: 1000, chunk_size: 2500, filtro: [anno_cargue_secop >= 2015 AND anno_cargue_secop <= 2025]
2026-09-02 21:40:08,909 [INFO] secop_i.downloader: Descargando bloque SECOP I: offset=1000, limit=2500...
2026-09-02 21:40:11,562 [INFO] secop_i.downloader: Bloque SECOP I: 2500 filas en 2.65s. Acumulado: 3,500
2026-09-02 21:40:11,872 [INFO] secop_i.processor: ParquetWriter SECOP I inicializado en C:\Users\jotma\Desktop\csv\data\parquet\SECOP_I_2015_2025.parquet (ZSTD)
2026-09-02 21:40:11,950 [INFO] secop_i.downloader: Descargando bloque SECOP I: offset=3500, limit=1500...
2026-09-02 21:40:12,543 [INFO] secop_i.downloader: Bloque SECOP I: 1500 filas en 0.59s. Acumulado: 5,000
2026-09-02 21:40:12,878 [INFO] secop_i.processor: Escritura SECOP I finalizada. Registros: 4,000
2026-09-02 21:40:12,878 [INFO] secop_master_api: ✔ SECOP I finalizado en 4.0s. Registros: 4,000
2026-09-02 21:40:12,879 [INFO] secop_master_api: 
--- [2/3] DESCARGANDO SECOP II (API jbjy-vk9h) ---
2026-09-02 21:40:12,879 [INFO] secop_ii.downloader: Iniciando descarga en bloques. Offset inicial: 0, chunk_size: 2500, filtro: [fecha_de_firma >= '2015-01-01T00:00:00.000' AND fecha_de_firma <= '2025-12-31T23:59:59.999']
2026-09-02 21:40:12,880 [INFO] secop_ii.downloader: Descargando bloque: offset=0, limit=2500...
2026-09-02 21:40:14,682 [INFO] secop_ii.downloader: Bloque recibido: 2500 filas en 1.80s (1388.6 filas/s). Total acumulado: 2500
2026-09-02 21:40:14,982 [INFO] secop_ii.processor: ParquetWriter inicializado en C:\Users\jotma\Desktop\csv\data\parquet\SECOP_II_2015_2025.parquet con compresión ZSTD.
2026-09-02 21:40:15,073 [INFO] secop_ii.downloader: Descargando bloque: offset=2500, limit=2500...
2026-09-02 21:40:15,863 [INFO] secop_ii.downloader: Bloque recibido: 2500 filas en 0.79s (3169.7 filas/s). Total acumulado: 5000
2026-09-02 21:40:16,134 [INFO] secop_ii.downloader: Descarga de muestra completada con éxito (5000 registros).
2026-09-02 21:40:16,137 [INFO] secop_ii.processor: Escritura Parquet completada. Total filas escritas: 5000
2026-09-02 21:40:16,137 [INFO] secop_master_api: ✔ SECOP II finalizado en 3.3s. Registros: 5,000
2026-09-02 21:40:16,137 [INFO] secop_master_api: 
--- [3/3] UNIFICANDO SECOP I + SECOP II EN DUCKDB ---
2026-09-02 21:40:16,179 [INFO] secop_unified: Unificando SECOP I (C:\Users\jotma\Desktop\csv\data\parquet\SECOP_I_2015_2025.parquet) y SECOP II (C:\Users\jotma\Desktop\csv\data\parquet\SECOP_II_2015_2025.parquet)...
2026-09-02 21:40:16,398 [INFO] secop_unified: Dataset unificado SECOP I + II creado en C:\Users\jotma\Desktop\csv\data\parquet\SECOP_UNIFICADO_2015_2025.parquet. Total contratos unificados: 8,612
2026-09-02 21:40:16,399 [INFO] secop_master_api: 
=================================================================
2026-09-02 21:40:16,399 [INFO] secop_master_api: BALANCE FINAL DE DESCARGA Y UNIFICACIÓN
2026-09-02 21:40:16,399 [INFO] secop_master_api: • Archivo unificado final: C:\Users\jotma\Desktop\csv\data\parquet\SECOP_UNIFICADO_2015_2025.parquet
2026-09-02 21:40:16,399 [INFO] secop_master_api: • Total contratos consolidados: 8,612
2026-09-02 21:40:16,399 [INFO] secop_master_api: • Tamaño Parquet ZSTD: 1.34 MB
2026-09-02 21:40:16,399 [INFO] secop_master_api: • Tiempo total invertido: 7.49s (0.12 min)
2026-09-02 21:40:16,399 [INFO] secop_master_api: =================================================================
2026-09-03 21:17:25,352 [INFO] secop_master_api: =================================================================
2026-09-03 21:17:25,354 [INFO] secop_master_api: >>> INICIANDO DESCARGA Y PROCESAMIENTO 100% VÍA APIs OFICIALES <<<
2026-09-03 21:17:25,354 [INFO] secop_master_api: =================================================================
2026-09-03 21:17:25,355 [INFO] secop_master_api: 
--- [1/3] DESCARGANDO SECOP I (API f789-7hwg) ---
2026-09-03 21:17:25,386 [INFO] secop_i.downloader: Iniciando descarga SECOP I. Offset: 1000, chunk_size: 20000, filtro: [anno_cargue_secop >= 2015 AND anno_cargue_secop <= 2025]
2026-09-03 21:17:25,387 [INFO] secop_i.downloader: Descargando bloque SECOP I: offset=1000, limit=2000...
2026-09-03 21:17:28,310 [INFO] secop_i.downloader: Bloque SECOP I: 2000 filas en 2.92s. Acumulado: 3,000
2026-09-03 21:17:28,953 [INFO] secop_i.processor: ParquetWriter SECOP I inicializado en C:\Users\jotma\Desktop\csv\data\parquet\SECOP_I_2015_2025.parquet (ZSTD)
2026-09-03 21:17:29,152 [INFO] secop_i.processor: Escritura SECOP I finalizada. Registros: 2,000
2026-09-03 21:17:29,152 [INFO] secop_master_api: ✔ SECOP I finalizado en 3.8s. Registros: 2,000
2026-09-03 21:17:29,152 [INFO] secop_master_api: 
--- [2/3] DESCARGANDO SECOP II (API jbjy-vk9h) ---
2026-09-03 21:17:29,170 [INFO] secop_ii.downloader: Checkpoint recuperado: {'last_offset': 5000, 'total_downloaded': 5000, 'completed': False, 'blocks_downloaded': 2}
2026-09-03 21:17:29,171 [INFO] secop_ii.downloader: Iniciando descarga en bloques. Offset inicial: 5000, chunk_size: 20000, filtro: [fecha_de_firma >= '2015-01-01T00:00:00.000' AND fecha_de_firma <= '2025-12-31T23:59:59.999']
2026-09-03 21:17:29,171 [INFO] secop_ii.downloader: Alcanzado límite solicitado de 3000 registros.
2026-09-03 21:17:29,171 [INFO] secop_master_api: ✔ SECOP II finalizado en 0.0s. Registros: 0
2026-09-03 21:17:29,172 [INFO] secop_master_api: 
--- [3/3] UNIFICANDO SECOP I + SECOP II EN DUCKDB ---
2026-09-03 21:17:29,214 [INFO] secop_unified: Unificando SECOP I (C:\Users\jotma\Desktop\csv\data\parquet\SECOP_I_2015_2025.parquet) y SECOP II (C:\Users\jotma\Desktop\csv\data\parquet\SECOP_II_2015_2025.parquet)...
2026-09-03 21:17:29,497 [INFO] secop_unified: Dataset unificado SECOP I + II creado en C:\Users\jotma\Desktop\csv\data\parquet\SECOP_UNIFICADO_2015_2025.parquet. Total contratos unificados: 6,795
2026-09-03 21:17:29,498 [INFO] secop_master_api: 
=================================================================
2026-09-03 21:17:29,498 [INFO] secop_master_api: BALANCE FINAL DE DESCARGA Y UNIFICACIÓN
2026-09-03 21:17:29,498 [INFO] secop_master_api: • Archivo unificado final: C:\Users\jotma\Desktop\csv\data\parquet\SECOP_UNIFICADO_2015_2025.parquet
2026-09-03 21:17:29,498 [INFO] secop_master_api: • Total contratos consolidados: 6,795
2026-09-03 21:17:29,498 [INFO] secop_master_api: • Tamaño Parquet ZSTD: 1.12 MB
2026-09-03 21:17:29,498 [INFO] secop_master_api: • Tiempo total invertido: 4.15s (0.07 min)
2026-09-03 21:17:29,498 [INFO] secop_master_api: =================================================================
